// Jest Snapshot v1, https://goo.gl/fbAQLP

exports[`instruments sum function should return correct value 1`] = `5`;
