// Jest Snapshot v1, https://goo.gl/fbAQLP

exports[`counter counter component should correspond to its snapshot counterpart 1`] = `
<section>
  Posts count: 
  3
</section>
`;
